src/components/CreateJobFlow.tsx(31,24): error TS2339: Property 'signTransaction' does not exist on type 'WalletContextType'.
src/components/CreateJobFlow.tsx(31,41): error TS2339: Property 'signMessage' does not exist on type 'WalletContextType'.
src/components/CreateJobFlow.tsx(100,21): error TS2339: Property 'SorobanRpc' does not exist on type 'typeof import("C:/Users/admin/Desktop/keystone/frontend/node_modules/@stellar/stellar-sdk/lib/esm/index")'.
src/components/CreateJobFlow.tsx(122,50): error TS2345: Argument of type 'Buffer<ArrayBufferLike>' is not assignable to parameter of type 'ScVal'.
  Type 'Buffer<ArrayBufferLike>' is missing the following properties from type 'ScVal': switch, b, error, u32, and 18 more.
src/components/views/DashboardView.tsx(85,25): error TS2304: Cannot find name 'rpc'.
src/components/views/DashboardView.tsx(85,65): error TS2339: Property 'result' does not exist on type 'SimulateTransactionResponse'.
  Property 'result' does not exist on type 'SimulateTransactionErrorResponse'.
src/components/views/DashboardView.tsx(85,79): error TS2339: Property 'result' does not exist on type 'SimulateTransactionResponse'.
  Property 'result' does not exist on type 'SimulateTransactionErrorResponse'.
src/components/views/DashboardView.tsx(86,55): error TS2339: Property 'result' does not exist on type 'SimulateTransactionResponse'.
  Property 'result' does not exist on type 'SimulateTransactionErrorResponse'.

